Tue Aug 11 01:01:44 PM CDT 2026
Requirement already satisfied: pip in ./envs/venv_py310_cafpyana/lib/python3.10/site-packages (23.0.1)
Collecting pip
  Using cached pip-26.2.1-py3-none-any.whl (1.8 MB)
Installing collected packages: pip
  Attempting uninstall: pip
    Found existing installation: pip 23.0.1
    Uninstalling pip-23.0.1:
      Successfully uninstalled pip-23.0.1
Successfully installed pip-26.2.1
Collecting wheel
  Using cached wheel-0.47.0-py3-none-any.whl.metadata (2.3 kB)
Requirement already satisfied: setuptools in ./envs/venv_py310_cafpyana/lib/python3.10/site-packages (65.5.0)
Collecting packaging>=24.0 (from wheel)
  Using cached packaging-26.3-py3-none-any.whl.metadata (3.5 kB)
Using cached wheel-0.47.0-py3-none-any.whl (32 kB)
Using cached packaging-26.3-py3-none-any.whl (129 kB)
Installing collected packages: packaging, wheel

Successfully installed packaging-26.3 wheel-0.47.0
Collecting cffi (from -r /exp/icarus/app/users/nsommagg/NicolaICARUS/MAPLE/cafpyana/envs/pip_requirements.txt (line 1))
  Using cached cffi-2.1.1-cp310-cp310-manylinux2014_x86_64.manylinux_2_17_x86_64.whl.metadata (2.5 kB)
Collecting jupyterlab==4.3.5 (from -r /exp/icarus/app/users/nsommagg/NicolaICARUS/MAPLE/cafpyana/envs/pip_requirements.txt (line 2))
  Using cached jupyterlab-4.3.5-py3-none-any.whl.metadata (16 kB)
Requirement already satisfied: numpy==1.26.4 in /cvmfs/larsoft.opensciencegrid.org/spack-fnal-v1.0.0/opt/spack/linux-x86_64_v2/py-numpy-1.26.4-bjfwdigla2ihyygih63foelrl4jedvx2/lib/python3.10/site-packages (from -r /exp/icarus/app/users/nsommagg/NicolaICARUS/MAPLE/cafpyana/envs/pip_requirements.txt (line 3)) (1.26.4)
Collecting uproot==5.5.1 (from -r /exp/icarus/app/users/nsommagg/NicolaICARUS/MAPLE/cafpyana/envs/pip_requirements.txt (line 4))
  Downloading uproot-5.5.1-py3-none-any.whl.metadata (33 kB)
Collecting matplotlib (from -r /exp/icarus/app/users/nsommagg/NicolaICARUS/MAPLE/cafpyana/envs/pip_requirements.txt (line 5))
  Using cached matplotlib-3.10.9-cp310-cp310-manylinux2014_x86_64.manylinux_2_17_x86_64.whl.metadata (52 kB)
Collecting scipy (from -r /exp/icarus/app/users/nsommagg/NicolaICARUS/MAPLE/cafpyana/envs/pip_requirements.txt (line 6))
  Using cached scipy-1.15.3-cp310-cp310-manylinux_2_17_x86_64.manylinux2014_x86_64.whl.metadata (61 kB)
Collecting pandas==2.2.2 (from -r /exp/icarus/app/users/nsommagg/NicolaICARUS/MAPLE/cafpyana/envs/pip_requirements.txt (line 7))
  Using cached pandas-2.2.2-cp310-cp310-manylinux_2_17_x86_64.manylinux2014_x86_64.whl.metadata (19 kB)
Collecting awkward-pandas (from -r /exp/icarus/app/users/nsommagg/NicolaICARUS/MAPLE/cafpyana/envs/pip_requirements.txt (line 8))
  Using cached awkward_pandas-2023.8.0-py3-none-any.whl.metadata (2.1 kB)
Collecting nbstripout (from -r /exp/icarus/app/users/nsommagg/NicolaICARUS/MAPLE/cafpyana/envs/pip_requirements.txt (line 9))
  Using cached nbstripout-0.9.1-py3-none-any.whl.metadata (25 kB)
Collecting tqdm (from -r /exp/icarus/app/users/nsommagg/NicolaICARUS/MAPLE/cafpyana/envs/pip_requirements.txt (line 10))
  Using cached tqdm-4.70.0-py3-none-any.whl.metadata (57 kB)
Collecting ipywidgets (from -r /exp/icarus/app/users/nsommagg/NicolaICARUS/MAPLE/cafpyana/envs/pip_requirements.txt (line 11))
  Using cached ipywidgets-8.1.8-py3-none-any.whl.metadata (2.4 kB)
Collecting dill (from -r /exp/icarus/app/users/nsommagg/NicolaICARUS/MAPLE/cafpyana/envs/pip_requirements.txt (line 12))
  Using cached dill-0.4.1-py3-none-any.whl.metadata (10 kB)
Collecting h5py (from -r /exp/icarus/app/users/nsommagg/NicolaICARUS/MAPLE/cafpyana/envs/pip_requirements.txt (line 13))
  Using cached h5py-3.16.0-cp310-cp310-manylinux_2_28_x86_64.whl.metadata (3.0 kB)
Collecting tables (from -r /exp/icarus/app/users/nsommagg/NicolaICARUS/MAPLE/cafpyana/envs/pip_requirements.txt (line 14))
  Using cached tables-3.10.1-cp310-cp310-manylinux_2_17_x86_64.manylinux2014_x86_64.whl.metadata (2.2 kB)
Collecting emcee (from -r /exp/icarus/app/users/nsommagg/NicolaICARUS/MAPLE/cafpyana/envs/pip_requirements.txt (line 15))
  Using cached emcee-3.1.6-py2.py3-none-any.whl.metadata (3.0 kB)
Collecting corner (from -r /exp/icarus/app/users/nsommagg/NicolaICARUS/MAPLE/cafpyana/envs/pip_requirements.txt (line 16))
  Using cached corner-2.3.0-py3-none-any.whl.metadata (2.3 kB)
Collecting lz4 (from -r /exp/icarus/app/users/nsommagg/NicolaICARUS/MAPLE/cafpyana/envs/pip_requirements.txt (line 17))
  Using cached lz4-4.4.5-cp310-cp310-manylinux2014_x86_64.manylinux_2_17_x86_64.manylinux_2_28_x86_64.whl.metadata (3.8 kB)
Collecting xxhash (from -r /exp/icarus/app/users/nsommagg/NicolaICARUS/MAPLE/cafpyana/envs/pip_requirements.txt (line 18))
  Using cached xxhash-3.8.1-cp310-cp310-manylinux2014_x86_64.manylinux_2_17_x86_64.manylinux_2_28_x86_64.whl.metadata (15 kB)
Collecting fsspec-xrootd (from -r /exp/icarus/app/users/nsommagg/NicolaICARUS/MAPLE/cafpyana/envs/pip_requirements.txt (line 19))
  Using cached fsspec_xrootd-0.5.5-py3-none-any.whl.metadata (4.4 kB)
Collecting async-lru>=1.0.0 (from jupyterlab==4.3.5->-r /exp/icarus/app/users/nsommagg/NicolaICARUS/MAPLE/cafpyana/envs/pip_requirements.txt (line 2))
  Using cached async_lru-2.3.0-py3-none-any.whl.metadata (7.6 kB)
Collecting httpx>=0.25.0 (from jupyterlab==4.3.5->-r /exp/icarus/app/users/nsommagg/NicolaICARUS/MAPLE/cafpyana/envs/pip_requirements.txt (line 2))
  Using cached httpx-0.28.1-py3-none-any.whl.metadata (7.1 kB)
Collecting ipykernel>=6.5.0 (from jupyterlab==4.3.5->-r /exp/icarus/app/users/nsommagg/NicolaICARUS/MAPLE/cafpyana/envs/pip_requirements.txt (line 2))
  Using cached ipykernel-7.3.0-py3-none-any.whl.metadata (4.5 kB)
Collecting jinja2>=3.0.3 (from jupyterlab==4.3.5->-r /exp/icarus/app/users/nsommagg/NicolaICARUS/MAPLE/cafpyana/envs/pip_requirements.txt (line 2))
  Using cached jinja2-3.1.6-py3-none-any.whl.metadata (2.9 kB)
Collecting jupyter-core (from jupyterlab==4.3.5->-r /exp/icarus/app/users/nsommagg/NicolaICARUS/MAPLE/cafpyana/envs/pip_requirements.txt (line 2))
  Using cached jupyter_core-5.9.1-py3-none-any.whl.metadata (1.5 kB)
Collecting jupyter-lsp>=2.0.0 (from jupyterlab==4.3.5->-r /exp/icarus/app/users/nsommagg/NicolaICARUS/MAPLE/cafpyana/envs/pip_requirements.txt (line 2))
  Using cached jupyter_lsp-2.3.1-py3-none-any.whl.metadata (1.8 kB)
Collecting jupyter-server<3,>=2.4.0 (from jupyterlab==4.3.5->-r /exp/icarus/app/users/nsommagg/NicolaICARUS/MAPLE/cafpyana/envs/pip_requirements.txt (line 2))
  Using cached jupyter_server-2.20.0-py3-none-any.whl.metadata (8.5 kB)
Collecting jupyterlab-server<3,>=2.27.1 (from jupyterlab==4.3.5->-r /exp/icarus/app/users/nsommagg/NicolaICARUS/MAPLE/cafpyana/envs/pip_requirements.txt (line 2))
  Using cached jupyterlab_server-2.28.0-py3-none-any.whl.metadata (5.9 kB)
Collecting notebook-shim>=0.2 (from jupyterlab==4.3.5->-r /exp/icarus/app/users/nsommagg/NicolaICARUS/MAPLE/cafpyana/envs/pip_requirements.txt (line 2))
  Using cached notebook_shim-0.2.4-py3-none-any.whl.metadata (4.0 kB)
Requirement already satisfied: packaging in ./envs/venv_py310_cafpyana/lib/python3.10/site-packages (from jupyterlab==4.3.5->-r /exp/icarus/app/users/nsommagg/NicolaICARUS/MAPLE/cafpyana/envs/pip_requirements.txt (line 2)) (26.3)
Requirement already satisfied: setuptools>=40.8.0 in ./envs/venv_py310_cafpyana/lib/python3.10/site-packages (from jupyterlab==4.3.5->-r /exp/icarus/app/users/nsommagg/NicolaICARUS/MAPLE/cafpyana/envs/pip_requirements.txt (line 2)) (65.5.0)
Collecting tomli>=1.2.2 (from jupyterlab==4.3.5->-r /exp/icarus/app/users/nsommagg/NicolaICARUS/MAPLE/cafpyana/envs/pip_requirements.txt (line 2))
  Using cached tomli-2.4.1-py3-none-any.whl.metadata (10 kB)
Collecting tornado>=6.2.0 (from jupyterlab==4.3.5->-r /exp/icarus/app/users/nsommagg/NicolaICARUS/MAPLE/cafpyana/envs/pip_requirements.txt (line 2))
  Using cached tornado-6.5.8-cp39-abi3-manylinux1_x86_64.manylinux_2_28_x86_64.manylinux_2_5_x86_64.whl.metadata (2.8 kB)
Collecting traitlets (from jupyterlab==4.3.5->-r /exp/icarus/app/users/nsommagg/NicolaICARUS/MAPLE/cafpyana/envs/pip_requirements.txt (line 2))
  Using cached traitlets-5.16.1-py3-none-any.whl.metadata (10 kB)
Collecting awkward>=2.4.6 (from uproot==5.5.1->-r /exp/icarus/app/users/nsommagg/NicolaICARUS/MAPLE/cafpyana/envs/pip_requirements.txt (line 4))
  Using cached awkward-2.12.0-py3-none-any.whl.metadata (7.1 kB)
Collecting cramjam>=2.5.0 (from uproot==5.5.1->-r /exp/icarus/app/users/nsommagg/NicolaICARUS/MAPLE/cafpyana/envs/pip_requirements.txt (line 4))
  Using cached cramjam-2.11.0-cp310-cp310-manylinux_2_17_x86_64.manylinux2014_x86_64.whl.metadata (5.6 kB)
Collecting fsspec (from uproot==5.5.1->-r /exp/icarus/app/users/nsommagg/NicolaICARUS/MAPLE/cafpyana/envs/pip_requirements.txt (line 4))
  Using cached fsspec-2026.7.0-py3-none-any.whl.metadata (10 kB)
Collecting typing-extensions>=4.1.0 (from uproot==5.5.1->-r /exp/icarus/app/users/nsommagg/NicolaICARUS/MAPLE/cafpyana/envs/pip_requirements.txt (line 4))
  Using cached typing_extensions-4.16.0-py3-none-any.whl.metadata (3.3 kB)
Collecting python-dateutil>=2.8.2 (from pandas==2.2.2->-r /exp/icarus/app/users/nsommagg/NicolaICARUS/MAPLE/cafpyana/envs/pip_requirements.txt (line 7))
  Using cached python_dateutil-2.9.0.post0-py2.py3-none-any.whl.metadata (8.4 kB)
Collecting pytz>=2020.1 (from pandas==2.2.2->-r /exp/icarus/app/users/nsommagg/NicolaICARUS/MAPLE/cafpyana/envs/pip_requirements.txt (line 7))
  Using cached pytz-2026.3.post1-py2.py3-none-any.whl.metadata (22 kB)
Collecting tzdata>=2022.7 (from pandas==2.2.2->-r /exp/icarus/app/users/nsommagg/NicolaICARUS/MAPLE/cafpyana/envs/pip_requirements.txt (line 7))
  Using cached tzdata-2026.3-py2.py3-none-any.whl.metadata (1.4 kB)
Collecting anyio>=3.1.0 (from jupyter-server<3,>=2.4.0->jupyterlab==4.3.5->-r /exp/icarus/app/users/nsommagg/NicolaICARUS/MAPLE/cafpyana/envs/pip_requirements.txt (line 2))
  Using cached anyio-4.14.2-py3-none-any.whl.metadata (4.6 kB)
Collecting argon2-cffi>=21.1 (from jupyter-server<3,>=2.4.0->jupyterlab==4.3.5->-r /exp/icarus/app/users/nsommagg/NicolaICARUS/MAPLE/cafpyana/envs/pip_requirements.txt (line 2))
  Using cached argon2_cffi-25.1.0-py3-none-any.whl.metadata (4.1 kB)
Collecting jupyter-client>=7.4.4 (from jupyter-server<3,>=2.4.0->jupyterlab==4.3.5->-r /exp/icarus/app/users/nsommagg/NicolaICARUS/MAPLE/cafpyana/envs/pip_requirements.txt (line 2))
  Using cached jupyter_client-8.9.1-py3-none-any.whl.metadata (8.5 kB)
Collecting jupyter-events>=0.11.0 (from jupyter-server<3,>=2.4.0->jupyterlab==4.3.5->-r /exp/icarus/app/users/nsommagg/NicolaICARUS/MAPLE/cafpyana/envs/pip_requirements.txt (line 2))
  Using cached jupyter_events-0.12.1-py3-none-any.whl.metadata (5.8 kB)
Collecting jupyter-server-terminals>=0.4.4 (from jupyter-server<3,>=2.4.0->jupyterlab==4.3.5->-r /exp/icarus/app/users/nsommagg/NicolaICARUS/MAPLE/cafpyana/envs/pip_requirements.txt (line 2))
  Using cached jupyter_server_terminals-0.5.4-py3-none-any.whl.metadata (5.9 kB)
Collecting nbconvert>=6.4.4 (from jupyter-server<3,>=2.4.0->jupyterlab==4.3.5->-r /exp/icarus/app/users/nsommagg/NicolaICARUS/MAPLE/cafpyana/envs/pip_requirements.txt (line 2))
  Using cached nbconvert-7.17.1-py3-none-any.whl.metadata (8.4 kB)
Collecting nbformat>=5.3.0 (from jupyter-server<3,>=2.4.0->jupyterlab==4.3.5->-r /exp/icarus/app/users/nsommagg/NicolaICARUS/MAPLE/cafpyana/envs/pip_requirements.txt (line 2))
  Using cached nbformat-5.11.0-py3-none-any.whl.metadata (3.7 kB)
Collecting overrides>=5.0 (from jupyter-server<3,>=2.4.0->jupyterlab==4.3.5->-r /exp/icarus/app/users/nsommagg/NicolaICARUS/MAPLE/cafpyana/envs/pip_requirements.txt (line 2))
  Using cached overrides-7.7.0-py3-none-any.whl.metadata (5.8 kB)
Collecting prometheus-client>=0.9 (from jupyter-server<3,>=2.4.0->jupyterlab==4.3.5->-r /exp/icarus/app/users/nsommagg/NicolaICARUS/MAPLE/cafpyana/envs/pip_requirements.txt (line 2))
  Using cached prometheus_client-0.26.0-py3-none-any.whl.metadata (2.1 kB)
Collecting pyzmq>=24 (from jupyter-server<3,>=2.4.0->jupyterlab==4.3.5->-r /exp/icarus/app/users/nsommagg/NicolaICARUS/MAPLE/cafpyana/envs/pip_requirements.txt (line 2))
  Using cached pyzmq-27.1.0-cp310-cp310-manylinux_2_26_x86_64.manylinux_2_28_x86_64.whl.metadata (6.0 kB)
Collecting send2trash>=1.8.2 (from jupyter-server<3,>=2.4.0->jupyterlab==4.3.5->-r /exp/icarus/app/users/nsommagg/NicolaICARUS/MAPLE/cafpyana/envs/pip_requirements.txt (line 2))
  Using cached send2trash-2.1.0-py3-none-any.whl.metadata (4.1 kB)
Collecting terminado>=0.8.3 (from jupyter-server<3,>=2.4.0->jupyterlab==4.3.5->-r /exp/icarus/app/users/nsommagg/NicolaICARUS/MAPLE/cafpyana/envs/pip_requirements.txt (line 2))
  Using cached terminado-0.18.1-py3-none-any.whl.metadata (5.8 kB)
Collecting websocket-client>=1.7 (from jupyter-server<3,>=2.4.0->jupyterlab==4.3.5->-r /exp/icarus/app/users/nsommagg/NicolaICARUS/MAPLE/cafpyana/envs/pip_requirements.txt (line 2))
  Using cached websocket_client-1.9.0-py3-none-any.whl.metadata (8.3 kB)
Collecting babel>=2.10 (from jupyterlab-server<3,>=2.27.1->jupyterlab==4.3.5->-r /exp/icarus/app/users/nsommagg/NicolaICARUS/MAPLE/cafpyana/envs/pip_requirements.txt (line 2))
  Using cached babel-2.18.0-py3-none-any.whl.metadata (2.2 kB)
Collecting json5>=0.9.0 (from jupyterlab-server<3,>=2.27.1->jupyterlab==4.3.5->-r /exp/icarus/app/users/nsommagg/NicolaICARUS/MAPLE/cafpyana/envs/pip_requirements.txt (line 2))
  Using cached json5-0.15.0-py3-none-any.whl.metadata (37 kB)
Collecting jsonschema>=4.18.0 (from jupyterlab-server<3,>=2.27.1->jupyterlab==4.3.5->-r /exp/icarus/app/users/nsommagg/NicolaICARUS/MAPLE/cafpyana/envs/pip_requirements.txt (line 2))
  Using cached jsonschema-4.26.0-py3-none-any.whl.metadata (7.6 kB)
Collecting requests>=2.31 (from jupyterlab-server<3,>=2.27.1->jupyterlab==4.3.5->-r /exp/icarus/app/users/nsommagg/NicolaICARUS/MAPLE/cafpyana/envs/pip_requirements.txt (line 2))
  Downloading requests-2.34.2-py3-none-any.whl.metadata (4.8 kB)
Collecting pycparser (from cffi->-r /exp/icarus/app/users/nsommagg/NicolaICARUS/MAPLE/cafpyana/envs/pip_requirements.txt (line 1))
  Using cached pycparser-3.0-py3-none-any.whl.metadata (8.2 kB)
Collecting contourpy>=1.0.1 (from matplotlib->-r /exp/icarus/app/users/nsommagg/NicolaICARUS/MAPLE/cafpyana/envs/pip_requirements.txt (line 5))
  Using cached contourpy-1.3.2-cp310-cp310-manylinux_2_17_x86_64.manylinux2014_x86_64.whl.metadata (5.5 kB)
Collecting cycler>=0.10 (from matplotlib->-r /exp/icarus/app/users/nsommagg/NicolaICARUS/MAPLE/cafpyana/envs/pip_requirements.txt (line 5))
  Using cached cycler-0.12.1-py3-none-any.whl.metadata (3.8 kB)
Collecting fonttools>=4.22.0 (from matplotlib->-r /exp/icarus/app/users/nsommagg/NicolaICARUS/MAPLE/cafpyana/envs/pip_requirements.txt (line 5))
  Using cached fonttools-4.63.0-cp310-cp310-manylinux2014_x86_64.manylinux_2_17_x86_64.whl.metadata (118 kB)
Collecting kiwisolver>=1.3.1 (from matplotlib->-r /exp/icarus/app/users/nsommagg/NicolaICARUS/MAPLE/cafpyana/envs/pip_requirements.txt (line 5))
  Using cached kiwisolver-1.5.0-cp310-cp310-manylinux_2_12_x86_64.manylinux2010_x86_64.whl.metadata (5.1 kB)
Collecting pillow>=8 (from matplotlib->-r /exp/icarus/app/users/nsommagg/NicolaICARUS/MAPLE/cafpyana/envs/pip_requirements.txt (line 5))
  Using cached pillow-12.3.0-cp310-cp310-manylinux_2_27_x86_64.manylinux_2_28_x86_64.whl.metadata (9.1 kB)
Collecting pyparsing>=3 (from matplotlib->-r /exp/icarus/app/users/nsommagg/NicolaICARUS/MAPLE/cafpyana/envs/pip_requirements.txt (line 5))
  Using cached pyparsing-3.3.2-py3-none-any.whl.metadata (5.8 kB)
Collecting comm>=0.1.3 (from ipywidgets->-r /exp/icarus/app/users/nsommagg/NicolaICARUS/MAPLE/cafpyana/envs/pip_requirements.txt (line 11))
  Using cached comm-0.2.3-py3-none-any.whl.metadata (3.7 kB)
Collecting ipython>=6.1.0 (from ipywidgets->-r /exp/icarus/app/users/nsommagg/NicolaICARUS/MAPLE/cafpyana/envs/pip_requirements.txt (line 11))
  Using cached ipython-8.39.0-py3-none-any.whl.metadata (5.1 kB)
Collecting widgetsnbextension~=4.0.14 (from ipywidgets->-r /exp/icarus/app/users/nsommagg/NicolaICARUS/MAPLE/cafpyana/envs/pip_requirements.txt (line 11))
  Using cached widgetsnbextension-4.0.15-py3-none-any.whl.metadata (1.6 kB)
Collecting jupyterlab_widgets~=3.0.15 (from ipywidgets->-r /exp/icarus/app/users/nsommagg/NicolaICARUS/MAPLE/cafpyana/envs/pip_requirements.txt (line 11))
  Using cached jupyterlab_widgets-3.0.16-py3-none-any.whl.metadata (20 kB)
Collecting numexpr>=2.6.2 (from tables->-r /exp/icarus/app/users/nsommagg/NicolaICARUS/MAPLE/cafpyana/envs/pip_requirements.txt (line 14))
  Using cached numexpr-2.14.1-cp310-cp310-manylinux_2_27_x86_64.manylinux_2_28_x86_64.whl.metadata (9.0 kB)
Collecting py-cpuinfo (from tables->-r /exp/icarus/app/users/nsommagg/NicolaICARUS/MAPLE/cafpyana/envs/pip_requirements.txt (line 14))
  Using cached py_cpuinfo-9.0.0-py3-none-any.whl.metadata (794 bytes)
Collecting blosc2>=2.3.0 (from tables->-r /exp/icarus/app/users/nsommagg/NicolaICARUS/MAPLE/cafpyana/envs/pip_requirements.txt (line 14))
  Using cached blosc2-4.3.3-cp310-cp310-manylinux2014_x86_64.manylinux_2_17_x86_64.whl.metadata (6.4 kB)
Collecting xrootd>=6.0.3 (from fsspec-xrootd->-r /exp/icarus/app/users/nsommagg/NicolaICARUS/MAPLE/cafpyana/envs/pip_requirements.txt (line 19))
  Using cached xrootd-6.1.1-cp310-cp310-manylinux_2_28_x86_64.whl.metadata (6.1 kB)
Collecting exceptiongroup>=1.0.2 (from anyio>=3.1.0->jupyter-server<3,>=2.4.0->jupyterlab==4.3.5->-r /exp/icarus/app/users/nsommagg/NicolaICARUS/MAPLE/cafpyana/envs/pip_requirements.txt (line 2))
  Using cached exceptiongroup-1.3.1-py3-none-any.whl.metadata (6.7 kB)
Collecting idna>=2.8 (from anyio>=3.1.0->jupyter-server<3,>=2.4.0->jupyterlab==4.3.5->-r /exp/icarus/app/users/nsommagg/NicolaICARUS/MAPLE/cafpyana/envs/pip_requirements.txt (line 2))
  Downloading idna-3.18-py3-none-any.whl.metadata (6.1 kB)
Collecting argon2-cffi-bindings (from argon2-cffi>=21.1->jupyter-server<3,>=2.4.0->jupyterlab==4.3.5->-r /exp/icarus/app/users/nsommagg/NicolaICARUS/MAPLE/cafpyana/envs/pip_requirements.txt (line 2))
  Using cached argon2_cffi_bindings-25.1.0-cp39-abi3-manylinux_2_26_x86_64.manylinux_2_28_x86_64.whl.metadata (7.4 kB)
Collecting awkward-cpp==55 (from awkward>=2.4.6->uproot==5.5.1->-r /exp/icarus/app/users/nsommagg/NicolaICARUS/MAPLE/cafpyana/envs/pip_requirements.txt (line 4))
  Using cached awkward_cpp-55-cp310-cp310-manylinux2014_x86_64.manylinux_2_17_x86_64.whl.metadata (2.1 kB)
Collecting importlib-metadata>=4.13.0 (from awkward>=2.4.6->uproot==5.5.1->-r /exp/icarus/app/users/nsommagg/NicolaICARUS/MAPLE/cafpyana/envs/pip_requirements.txt (line 4))
  Using cached importlib_metadata-9.0.0-py3-none-any.whl.metadata (4.5 kB)
Collecting ndindex (from blosc2>=2.3.0->tables->-r /exp/icarus/app/users/nsommagg/NicolaICARUS/MAPLE/cafpyana/envs/pip_requirements.txt (line 14))
  Using cached ndindex-1.10.1-cp310-cp310-manylinux_2_24_x86_64.manylinux_2_28_x86_64.whl.metadata (3.6 kB)
Collecting msgpack (from blosc2>=2.3.0->tables->-r /exp/icarus/app/users/nsommagg/NicolaICARUS/MAPLE/cafpyana/envs/pip_requirements.txt (line 14))
  Using cached msgpack-1.2.1-cp310-cp310-manylinux2014_x86_64.manylinux_2_17_x86_64.manylinux_2_28_x86_64.whl.metadata (8.3 kB)
Collecting pydantic (from blosc2>=2.3.0->tables->-r /exp/icarus/app/users/nsommagg/NicolaICARUS/MAPLE/cafpyana/envs/pip_requirements.txt (line 14))
  Using cached pydantic-2.13.4-py3-none-any.whl.metadata (109 kB)
Collecting threadpoolctl (from blosc2>=2.3.0->tables->-r /exp/icarus/app/users/nsommagg/NicolaICARUS/MAPLE/cafpyana/envs/pip_requirements.txt (line 14))
  Using cached threadpoolctl-3.6.0-py3-none-any.whl.metadata (13 kB)
Collecting certifi (from httpx>=0.25.0->jupyterlab==4.3.5->-r /exp/icarus/app/users/nsommagg/NicolaICARUS/MAPLE/cafpyana/envs/pip_requirements.txt (line 2))
  Downloading certifi-2026.7.22-py3-none-any.whl.metadata (2.5 kB)
Collecting httpcore==1.* (from httpx>=0.25.0->jupyterlab==4.3.5->-r /exp/icarus/app/users/nsommagg/NicolaICARUS/MAPLE/cafpyana/envs/pip_requirements.txt (line 2))
  Using cached httpcore-1.0.9-py3-none-any.whl.metadata (21 kB)
Collecting h11>=0.16 (from httpcore==1.*->httpx>=0.25.0->jupyterlab==4.3.5->-r /exp/icarus/app/users/nsommagg/NicolaICARUS/MAPLE/cafpyana/envs/pip_requirements.txt (line 2))
  Using cached h11-0.16.0-py3-none-any.whl.metadata (8.3 kB)
Collecting zipp>=3.20 (from importlib-metadata>=4.13.0->awkward>=2.4.6->uproot==5.5.1->-r /exp/icarus/app/users/nsommagg/NicolaICARUS/MAPLE/cafpyana/envs/pip_requirements.txt (line 4))
  Using cached zipp-4.1.0-py3-none-any.whl.metadata (3.6 kB)
Collecting debugpy>=1.6.5 (from ipykernel>=6.5.0->jupyterlab==4.3.5->-r /exp/icarus/app/users/nsommagg/NicolaICARUS/MAPLE/cafpyana/envs/pip_requirements.txt (line 2))
  Using cached debugpy-1.8.21-cp310-cp310-manylinux_2_34_x86_64.whl.metadata (1.4 kB)
Collecting matplotlib-inline>=0.1 (from ipykernel>=6.5.0->jupyterlab==4.3.5->-r /exp/icarus/app/users/nsommagg/NicolaICARUS/MAPLE/cafpyana/envs/pip_requirements.txt (line 2))
  Using cached matplotlib_inline-0.2.2-py3-none-any.whl.metadata (2.4 kB)
Collecting nest-asyncio2>=1.7.0 (from ipykernel>=6.5.0->jupyterlab==4.3.5->-r /exp/icarus/app/users/nsommagg/NicolaICARUS/MAPLE/cafpyana/envs/pip_requirements.txt (line 2))
  Using cached nest_asyncio2-1.7.2-py3-none-any.whl.metadata (6.3 kB)
Collecting psutil>=5.7 (from ipykernel>=6.5.0->jupyterlab==4.3.5->-r /exp/icarus/app/users/nsommagg/NicolaICARUS/MAPLE/cafpyana/envs/pip_requirements.txt (line 2))
  Using cached psutil-7.2.2-cp36-abi3-manylinux2010_x86_64.manylinux_2_12_x86_64.manylinux_2_28_x86_64.whl.metadata (22 kB)
Collecting decorator (from ipython>=6.1.0->ipywidgets->-r /exp/icarus/app/users/nsommagg/NicolaICARUS/MAPLE/cafpyana/envs/pip_requirements.txt (line 11))
  Using cached decorator-5.3.1-py3-none-any.whl.metadata (3.9 kB)
Collecting jedi>=0.16 (from ipython>=6.1.0->ipywidgets->-r /exp/icarus/app/users/nsommagg/NicolaICARUS/MAPLE/cafpyana/envs/pip_requirements.txt (line 11))
  Using cached jedi-0.20.0-py2.py3-none-any.whl.metadata (23 kB)
Collecting pexpect>4.3 (from ipython>=6.1.0->ipywidgets->-r /exp/icarus/app/users/nsommagg/NicolaICARUS/MAPLE/cafpyana/envs/pip_requirements.txt (line 11))
  Using cached pexpect-4.9.0-py2.py3-none-any.whl.metadata (2.5 kB)
Collecting prompt_toolkit<3.1.0,>=3.0.41 (from ipython>=6.1.0->ipywidgets->-r /exp/icarus/app/users/nsommagg/NicolaICARUS/MAPLE/cafpyana/envs/pip_requirements.txt (line 11))
  Using cached prompt_toolkit-3.0.53-py3-none-any.whl.metadata (6.4 kB)
Collecting pygments>=2.4.0 (from ipython>=6.1.0->ipywidgets->-r /exp/icarus/app/users/nsommagg/NicolaICARUS/MAPLE/cafpyana/envs/pip_requirements.txt (line 11))
  Using cached pygments-2.20.0-py3-none-any.whl.metadata (2.5 kB)
Collecting stack_data (from ipython>=6.1.0->ipywidgets->-r /exp/icarus/app/users/nsommagg/NicolaICARUS/MAPLE/cafpyana/envs/pip_requirements.txt (line 11))
  Using cached stack_data-0.6.3-py3-none-any.whl.metadata (18 kB)
Collecting wcwidth>=0.1.4 (from prompt_toolkit<3.1.0,>=3.0.41->ipython>=6.1.0->ipywidgets->-r /exp/icarus/app/users/nsommagg/NicolaICARUS/MAPLE/cafpyana/envs/pip_requirements.txt (line 11))
  Using cached wcwidth-0.8.2-py3-none-any.whl.metadata (43 kB)
Collecting parso<0.9.0,>=0.8.6 (from jedi>=0.16->ipython>=6.1.0->ipywidgets->-r /exp/icarus/app/users/nsommagg/NicolaICARUS/MAPLE/cafpyana/envs/pip_requirements.txt (line 11))
  Using cached parso-0.8.7-py2.py3-none-any.whl.metadata (8.2 kB)
Collecting MarkupSafe>=2.0 (from jinja2>=3.0.3->jupyterlab==4.3.5->-r /exp/icarus/app/users/nsommagg/NicolaICARUS/MAPLE/cafpyana/envs/pip_requirements.txt (line 2))
  Using cached markupsafe-3.0.3-cp310-cp310-manylinux2014_x86_64.manylinux_2_17_x86_64.manylinux_2_28_x86_64.whl.metadata (2.7 kB)
Collecting attrs>=22.2.0 (from jsonschema>=4.18.0->jupyterlab-server<3,>=2.27.1->jupyterlab==4.3.5->-r /exp/icarus/app/users/nsommagg/NicolaICARUS/MAPLE/cafpyana/envs/pip_requirements.txt (line 2))
  Using cached attrs-26.1.0-py3-none-any.whl.metadata (8.8 kB)
Collecting jsonschema-specifications>=2023.03.6 (from jsonschema>=4.18.0->jupyterlab-server<3,>=2.27.1->jupyterlab==4.3.5->-r /exp/icarus/app/users/nsommagg/NicolaICARUS/MAPLE/cafpyana/envs/pip_requirements.txt (line 2))
  Using cached jsonschema_specifications-2025.9.1-py3-none-any.whl.metadata (2.9 kB)
Collecting referencing>=0.28.4 (from jsonschema>=4.18.0->jupyterlab-server<3,>=2.27.1->jupyterlab==4.3.5->-r /exp/icarus/app/users/nsommagg/NicolaICARUS/MAPLE/cafpyana/envs/pip_requirements.txt (line 2))
  Using cached referencing-0.37.0-py3-none-any.whl.metadata (2.8 kB)
Collecting rpds-py>=0.25.0 (from jsonschema>=4.18.0->jupyterlab-server<3,>=2.27.1->jupyterlab==4.3.5->-r /exp/icarus/app/users/nsommagg/NicolaICARUS/MAPLE/cafpyana/envs/pip_requirements.txt (line 2))
  Using cached rpds_py-0.30.0-cp310-cp310-manylinux_2_17_x86_64.manylinux2014_x86_64.whl.metadata (4.1 kB)
Collecting platformdirs>=2.5 (from jupyter-core->jupyterlab==4.3.5->-r /exp/icarus/app/users/nsommagg/NicolaICARUS/MAPLE/cafpyana/envs/pip_requirements.txt (line 2))
  Using cached platformdirs-4.11.2-py3-none-any.whl.metadata (5.5 kB)
Collecting python-json-logger>=2.0.4 (from jupyter-events>=0.11.0->jupyter-server<3,>=2.4.0->jupyterlab==4.3.5->-r /exp/icarus/app/users/nsommagg/NicolaICARUS/MAPLE/cafpyana/envs/pip_requirements.txt (line 2))
  Using cached python_json_logger-4.1.0-py3-none-any.whl.metadata (3.7 kB)
Collecting pyyaml>=5.3 (from jupyter-events>=0.11.0->jupyter-server<3,>=2.4.0->jupyterlab==4.3.5->-r /exp/icarus/app/users/nsommagg/NicolaICARUS/MAPLE/cafpyana/envs/pip_requirements.txt (line 2))
  Using cached pyyaml-6.0.3-cp310-cp310-manylinux2014_x86_64.manylinux_2_17_x86_64.manylinux_2_28_x86_64.whl.metadata (2.4 kB)
Collecting rfc3339-validator (from jupyter-events>=0.11.0->jupyter-server<3,>=2.4.0->jupyterlab==4.3.5->-r /exp/icarus/app/users/nsommagg/NicolaICARUS/MAPLE/cafpyana/envs/pip_requirements.txt (line 2))
  Using cached rfc3339_validator-0.1.4-py2.py3-none-any.whl.metadata (1.5 kB)
Collecting rfc3986-validator>=0.1.1 (from jupyter-events>=0.11.0->jupyter-server<3,>=2.4.0->jupyterlab==4.3.5->-r /exp/icarus/app/users/nsommagg/NicolaICARUS/MAPLE/cafpyana/envs/pip_requirements.txt (line 2))
  Using cached rfc3986_validator-0.1.1-py2.py3-none-any.whl.metadata (1.7 kB)
Collecting fqdn (from jsonschema[format-nongpl]>=4.18.0->jupyter-events>=0.11.0->jupyter-server<3,>=2.4.0->jupyterlab==4.3.5->-r /exp/icarus/app/users/nsommagg/NicolaICARUS/MAPLE/cafpyana/envs/pip_requirements.txt (line 2))
  Using cached fqdn-1.5.1-py3-none-any.whl.metadata (1.4 kB)
Collecting isoduration (from jsonschema[format-nongpl]>=4.18.0->jupyter-events>=0.11.0->jupyter-server<3,>=2.4.0->jupyterlab==4.3.5->-r /exp/icarus/app/users/nsommagg/NicolaICARUS/MAPLE/cafpyana/envs/pip_requirements.txt (line 2))
  Using cached isoduration-20.11.0-py3-none-any.whl.metadata (5.7 kB)
Collecting jsonpointer>1.13 (from jsonschema[format-nongpl]>=4.18.0->jupyter-events>=0.11.0->jupyter-server<3,>=2.4.0->jupyterlab==4.3.5->-r /exp/icarus/app/users/nsommagg/NicolaICARUS/MAPLE/cafpyana/envs/pip_requirements.txt (line 2))
  Using cached jsonpointer-3.1.1-py3-none-any.whl.metadata (2.4 kB)
Collecting rfc3987-syntax>=1.1.0 (from jsonschema[format-nongpl]>=4.18.0->jupyter-events>=0.11.0->jupyter-server<3,>=2.4.0->jupyterlab==4.3.5->-r /exp/icarus/app/users/nsommagg/NicolaICARUS/MAPLE/cafpyana/envs/pip_requirements.txt (line 2))
  Using cached rfc3987_syntax-1.1.0-py3-none-any.whl.metadata (7.7 kB)
Collecting uri-template (from jsonschema[format-nongpl]>=4.18.0->jupyter-events>=0.11.0->jupyter-server<3,>=2.4.0->jupyterlab==4.3.5->-r /exp/icarus/app/users/nsommagg/NicolaICARUS/MAPLE/cafpyana/envs/pip_requirements.txt (line 2))
  Using cached uri_template-1.3.0-py3-none-any.whl.metadata (8.8 kB)
Collecting webcolors>=24.6.0 (from jsonschema[format-nongpl]>=4.18.0->jupyter-events>=0.11.0->jupyter-server<3,>=2.4.0->jupyterlab==4.3.5->-r /exp/icarus/app/users/nsommagg/NicolaICARUS/MAPLE/cafpyana/envs/pip_requirements.txt (line 2))
  Using cached webcolors-25.10.0-py3-none-any.whl.metadata (2.2 kB)
Collecting beautifulsoup4 (from nbconvert>=6.4.4->jupyter-server<3,>=2.4.0->jupyterlab==4.3.5->-r /exp/icarus/app/users/nsommagg/NicolaICARUS/MAPLE/cafpyana/envs/pip_requirements.txt (line 2))
  Using cached beautifulsoup4-4.15.0-py3-none-any.whl.metadata (3.8 kB)
Collecting bleach!=5.0.0 (from bleach[css]!=5.0.0->nbconvert>=6.4.4->jupyter-server<3,>=2.4.0->jupyterlab==4.3.5->-r /exp/icarus/app/users/nsommagg/NicolaICARUS/MAPLE/cafpyana/envs/pip_requirements.txt (line 2))
  Using cached bleach-6.4.0-py3-none-any.whl.metadata (32 kB)
Collecting defusedxml (from nbconvert>=6.4.4->jupyter-server<3,>=2.4.0->jupyterlab==4.3.5->-r /exp/icarus/app/users/nsommagg/NicolaICARUS/MAPLE/cafpyana/envs/pip_requirements.txt (line 2))
  Using cached defusedxml-0.7.1-py2.py3-none-any.whl.metadata (32 kB)
Collecting jupyterlab-pygments (from nbconvert>=6.4.4->jupyter-server<3,>=2.4.0->jupyterlab==4.3.5->-r /exp/icarus/app/users/nsommagg/NicolaICARUS/MAPLE/cafpyana/envs/pip_requirements.txt (line 2))
  Using cached jupyterlab_pygments-0.3.0-py3-none-any.whl.metadata (4.4 kB)
Collecting mistune<4,>=2.0.3 (from nbconvert>=6.4.4->jupyter-server<3,>=2.4.0->jupyterlab==4.3.5->-r /exp/icarus/app/users/nsommagg/NicolaICARUS/MAPLE/cafpyana/envs/pip_requirements.txt (line 2))
  Using cached mistune-3.3.4-py3-none-any.whl.metadata (1.9 kB)
Collecting nbclient>=0.5.0 (from nbconvert>=6.4.4->jupyter-server<3,>=2.4.0->jupyterlab==4.3.5->-r /exp/icarus/app/users/nsommagg/NicolaICARUS/MAPLE/cafpyana/envs/pip_requirements.txt (line 2))
  Using cached nbclient-0.11.0-py3-none-any.whl.metadata (7.3 kB)
Collecting pandocfilters>=1.4.1 (from nbconvert>=6.4.4->jupyter-server<3,>=2.4.0->jupyterlab==4.3.5->-r /exp/icarus/app/users/nsommagg/NicolaICARUS/MAPLE/cafpyana/envs/pip_requirements.txt (line 2))
  Using cached pandocfilters-1.5.1-py2.py3-none-any.whl.metadata (9.0 kB)
Collecting webencodings (from bleach!=5.0.0->bleach[css]!=5.0.0->nbconvert>=6.4.4->jupyter-server<3,>=2.4.0->jupyterlab==4.3.5->-r /exp/icarus/app/users/nsommagg/NicolaICARUS/MAPLE/cafpyana/envs/pip_requirements.txt (line 2))
  Using cached webencodings-0.5.1-py2.py3-none-any.whl.metadata (2.1 kB)
Collecting tinycss2>=1.1.0 (from bleach[css]!=5.0.0->nbconvert>=6.4.4->jupyter-server<3,>=2.4.0->jupyterlab==4.3.5->-r /exp/icarus/app/users/nsommagg/NicolaICARUS/MAPLE/cafpyana/envs/pip_requirements.txt (line 2))
  Using cached tinycss2-1.5.1-py3-none-any.whl.metadata (3.0 kB)
Collecting fastjsonschema>=2.15 (from nbformat>=5.3.0->jupyter-server<3,>=2.4.0->jupyterlab==4.3.5->-r /exp/icarus/app/users/nsommagg/NicolaICARUS/MAPLE/cafpyana/envs/pip_requirements.txt (line 2))
  Using cached fastjsonschema-2.22.1-py3-none-any.whl.metadata (2.1 kB)
Collecting ptyprocess>=0.5 (from pexpect>4.3->ipython>=6.1.0->ipywidgets->-r /exp/icarus/app/users/nsommagg/NicolaICARUS/MAPLE/cafpyana/envs/pip_requirements.txt (line 11))
  Using cached ptyprocess-0.7.0-py2.py3-none-any.whl.metadata (1.3 kB)
Collecting six>=1.5 (from python-dateutil>=2.8.2->pandas==2.2.2->-r /exp/icarus/app/users/nsommagg/NicolaICARUS/MAPLE/cafpyana/envs/pip_requirements.txt (line 7))
  Using cached six-1.17.0-py2.py3-none-any.whl.metadata (1.7 kB)
Collecting charset_normalizer<4,>=2 (from requests>=2.31->jupyterlab-server<3,>=2.27.1->jupyterlab==4.3.5->-r /exp/icarus/app/users/nsommagg/NicolaICARUS/MAPLE/cafpyana/envs/pip_requirements.txt (line 2))
  Downloading charset_normalizer-3.4.9-cp310-cp310-manylinux2014_x86_64.manylinux_2_17_x86_64.manylinux_2_28_x86_64.whl.metadata (41 kB)
Collecting urllib3<3,>=1.26 (from requests>=2.31->jupyterlab-server<3,>=2.27.1->jupyterlab==4.3.5->-r /exp/icarus/app/users/nsommagg/NicolaICARUS/MAPLE/cafpyana/envs/pip_requirements.txt (line 2))
  Downloading urllib3-2.7.0-py3-none-any.whl.metadata (6.9 kB)
Collecting lark>=1.2.2 (from rfc3987-syntax>=1.1.0->jsonschema[format-nongpl]>=4.18.0->jupyter-events>=0.11.0->jupyter-server<3,>=2.4.0->jupyterlab==4.3.5->-r /exp/icarus/app/users/nsommagg/NicolaICARUS/MAPLE/cafpyana/envs/pip_requirements.txt (line 2))
  Using cached lark-1.3.1-py3-none-any.whl.metadata (1.8 kB)
Collecting soupsieve>=1.6.1 (from beautifulsoup4->nbconvert>=6.4.4->jupyter-server<3,>=2.4.0->jupyterlab==4.3.5->-r /exp/icarus/app/users/nsommagg/NicolaICARUS/MAPLE/cafpyana/envs/pip_requirements.txt (line 2))
  Using cached soupsieve-2.9.2-py3-none-any.whl.metadata (4.6 kB)
Collecting arrow>=0.15.0 (from isoduration->jsonschema[format-nongpl]>=4.18.0->jupyter-events>=0.11.0->jupyter-server<3,>=2.4.0->jupyterlab==4.3.5->-r /exp/icarus/app/users/nsommagg/NicolaICARUS/MAPLE/cafpyana/envs/pip_requirements.txt (line 2))
  Using cached arrow-1.4.0-py3-none-any.whl.metadata (7.7 kB)
Collecting annotated-types>=0.6.0 (from pydantic->blosc2>=2.3.0->tables->-r /exp/icarus/app/users/nsommagg/NicolaICARUS/MAPLE/cafpyana/envs/pip_requirements.txt (line 14))
  Using cached annotated_types-0.8.0-py3-none-any.whl.metadata (15 kB)
Collecting pydantic-core==2.46.4 (from pydantic->blosc2>=2.3.0->tables->-r /exp/icarus/app/users/nsommagg/NicolaICARUS/MAPLE/cafpyana/envs/pip_requirements.txt (line 14))
  Using cached pydantic_core-2.46.4-cp310-cp310-manylinux_2_17_x86_64.manylinux2014_x86_64.whl.metadata (6.6 kB)
Collecting typing-inspection>=0.4.2 (from pydantic->blosc2>=2.3.0->tables->-r /exp/icarus/app/users/nsommagg/NicolaICARUS/MAPLE/cafpyana/envs/pip_requirements.txt (line 14))
  Using cached typing_inspection-0.4.3-py3-none-any.whl.metadata (2.6 kB)
Collecting executing>=1.2.0 (from stack_data->ipython>=6.1.0->ipywidgets->-r /exp/icarus/app/users/nsommagg/NicolaICARUS/MAPLE/cafpyana/envs/pip_requirements.txt (line 11))
  Using cached executing-2.2.1-py2.py3-none-any.whl.metadata (8.9 kB)
Collecting asttokens>=2.1.0 (from stack_data->ipython>=6.1.0->ipywidgets->-r /exp/icarus/app/users/nsommagg/NicolaICARUS/MAPLE/cafpyana/envs/pip_requirements.txt (line 11))
  Using cached asttokens-3.0.2-py3-none-any.whl.metadata (5.7 kB)
Collecting pure-eval (from stack_data->ipython>=6.1.0->ipywidgets->-r /exp/icarus/app/users/nsommagg/NicolaICARUS/MAPLE/cafpyana/envs/pip_requirements.txt (line 11))
  Using cached pure_eval-0.2.3-py3-none-any.whl.metadata (6.3 kB)
Using cached jupyterlab-4.3.5-py3-none-any.whl (11.7 MB)
Downloading uproot-5.5.1-py3-none-any.whl (362 kB)
Using cached pandas-2.2.2-cp310-cp310-manylinux_2_17_x86_64.manylinux2014_x86_64.whl (13.0 MB)
Using cached jupyter_server-2.20.0-py3-none-any.whl (393 kB)
Using cached jupyterlab_server-2.28.0-py3-none-any.whl (59 kB)
Using cached cffi-2.1.1-cp310-cp310-manylinux2014_x86_64.manylinux_2_17_x86_64.whl (218 kB)
Using cached matplotlib-3.10.9-cp310-cp310-manylinux2014_x86_64.manylinux_2_17_x86_64.whl (8.8 MB)
Using cached scipy-1.15.3-cp310-cp310-manylinux_2_17_x86_64.manylinux2014_x86_64.whl (37.7 MB)
Using cached awkward_pandas-2023.8.0-py3-none-any.whl (11 kB)
Using cached nbstripout-0.9.1-py3-none-any.whl (19 kB)
Using cached tqdm-4.70.0-py3-none-any.whl (80 kB)
Using cached ipywidgets-8.1.8-py3-none-any.whl (139 kB)
Using cached jupyterlab_widgets-3.0.16-py3-none-any.whl (914 kB)
Using cached widgetsnbextension-4.0.15-py3-none-any.whl (2.2 MB)
Using cached dill-0.4.1-py3-none-any.whl (120 kB)
Using cached h5py-3.16.0-cp310-cp310-manylinux_2_28_x86_64.whl (5.1 MB)
Using cached tables-3.10.1-cp310-cp310-manylinux_2_17_x86_64.manylinux2014_x86_64.whl (7.6 MB)
Using cached emcee-3.1.6-py2.py3-none-any.whl (47 kB)
Using cached corner-2.3.0-py3-none-any.whl (16 kB)
Using cached lz4-4.4.5-cp310-cp310-manylinux2014_x86_64.manylinux_2_17_x86_64.manylinux_2_28_x86_64.whl (1.4 MB)
Using cached xxhash-3.8.1-cp310-cp310-manylinux2014_x86_64.manylinux_2_17_x86_64.manylinux_2_28_x86_64.whl (217 kB)
Using cached fsspec_xrootd-0.5.5-py3-none-any.whl (15 kB)
Using cached anyio-4.14.2-py3-none-any.whl (125 kB)
Using cached argon2_cffi-25.1.0-py3-none-any.whl (14 kB)
Using cached async_lru-2.3.0-py3-none-any.whl (8.4 kB)
Using cached awkward-2.12.0-py3-none-any.whl (989 kB)
Using cached awkward_cpp-55-cp310-cp310-manylinux2014_x86_64.manylinux_2_17_x86_64.whl (682 kB)
Using cached babel-2.18.0-py3-none-any.whl (10.2 MB)
Using cached blosc2-4.3.3-cp310-cp310-manylinux2014_x86_64.manylinux_2_17_x86_64.whl (6.6 MB)
Using cached comm-0.2.3-py3-none-any.whl (7.3 kB)
Using cached contourpy-1.3.2-cp310-cp310-manylinux_2_17_x86_64.manylinux2014_x86_64.whl (325 kB)
Using cached cramjam-2.11.0-cp310-cp310-manylinux_2_17_x86_64.manylinux2014_x86_64.whl (2.0 MB)
Using cached cycler-0.12.1-py3-none-any.whl (8.3 kB)
Using cached exceptiongroup-1.3.1-py3-none-any.whl (16 kB)
Using cached fonttools-4.63.0-cp310-cp310-manylinux2014_x86_64.manylinux_2_17_x86_64.whl (4.9 MB)
Using cached fsspec-2026.7.0-py3-none-any.whl (206 kB)
Using cached httpx-0.28.1-py3-none-any.whl (73 kB)
Using cached httpcore-1.0.9-py3-none-any.whl (78 kB)
Using cached h11-0.16.0-py3-none-any.whl (37 kB)
Downloading idna-3.18-py3-none-any.whl (65 kB)
Using cached importlib_metadata-9.0.0-py3-none-any.whl (27 kB)
Using cached ipykernel-7.3.0-py3-none-any.whl (120 kB)
Using cached debugpy-1.8.21-cp310-cp310-manylinux_2_34_x86_64.whl (3.0 MB)
Using cached ipython-8.39.0-py3-none-any.whl (831 kB)
Using cached prompt_toolkit-3.0.53-py3-none-any.whl (392 kB)
Using cached jedi-0.20.0-py2.py3-none-any.whl (4.9 MB)
Using cached parso-0.8.7-py2.py3-none-any.whl (107 kB)
Using cached jinja2-3.1.6-py3-none-any.whl (134 kB)
Using cached json5-0.15.0-py3-none-any.whl (36 kB)
Using cached jsonschema-4.26.0-py3-none-any.whl (90 kB)
Using cached attrs-26.1.0-py3-none-any.whl (67 kB)
Using cached jsonschema_specifications-2025.9.1-py3-none-any.whl (18 kB)
Using cached jupyter_client-8.9.1-py3-none-any.whl (109 kB)
Using cached jupyter_core-5.9.1-py3-none-any.whl (29 kB)
Using cached jupyter_events-0.12.1-py3-none-any.whl (19 kB)
Using cached jsonpointer-3.1.1-py3-none-any.whl (7.7 kB)
Using cached jupyter_lsp-2.3.1-py3-none-any.whl (77 kB)
Using cached jupyter_server_terminals-0.5.4-py3-none-any.whl (13 kB)
Using cached kiwisolver-1.5.0-cp310-cp310-manylinux_2_12_x86_64.manylinux2010_x86_64.whl (1.6 MB)
Using cached markupsafe-3.0.3-cp310-cp310-manylinux2014_x86_64.manylinux_2_17_x86_64.manylinux_2_28_x86_64.whl (20 kB)
Using cached matplotlib_inline-0.2.2-py3-none-any.whl (9.5 kB)
Using cached nbconvert-7.17.1-py3-none-any.whl (261 kB)
Using cached mistune-3.3.4-py3-none-any.whl (66 kB)
Using cached bleach-6.4.0-py3-none-any.whl (165 kB)
Using cached nbclient-0.11.0-py3-none-any.whl (25 kB)
Using cached nbformat-5.11.0-py3-none-any.whl (79 kB)
Using cached fastjsonschema-2.22.1-py3-none-any.whl (26 kB)
Using cached nest_asyncio2-1.7.2-py3-none-any.whl (7.8 kB)
Using cached notebook_shim-0.2.4-py3-none-any.whl (13 kB)
Using cached numexpr-2.14.1-cp310-cp310-manylinux_2_27_x86_64.manylinux_2_28_x86_64.whl (440 kB)
Using cached overrides-7.7.0-py3-none-any.whl (17 kB)
Using cached pandocfilters-1.5.1-py2.py3-none-any.whl (8.7 kB)
Using cached pexpect-4.9.0-py2.py3-none-any.whl (63 kB)
Using cached pillow-12.3.0-cp310-cp310-manylinux_2_27_x86_64.manylinux_2_28_x86_64.whl (6.9 MB)
Using cached platformdirs-4.11.2-py3-none-any.whl (23 kB)
Using cached prometheus_client-0.26.0-py3-none-any.whl (64 kB)
Using cached psutil-7.2.2-cp36-abi3-manylinux2010_x86_64.manylinux_2_12_x86_64.manylinux_2_28_x86_64.whl (155 kB)
Using cached ptyprocess-0.7.0-py2.py3-none-any.whl (13 kB)
Using cached pygments-2.20.0-py3-none-any.whl (1.2 MB)
Using cached pyparsing-3.3.2-py3-none-any.whl (122 kB)
Using cached python_dateutil-2.9.0.post0-py2.py3-none-any.whl (229 kB)
Using cached python_json_logger-4.1.0-py3-none-any.whl (15 kB)
Using cached pytz-2026.3.post1-py2.py3-none-any.whl (508 kB)
Using cached pyyaml-6.0.3-cp310-cp310-manylinux2014_x86_64.manylinux_2_17_x86_64.manylinux_2_28_x86_64.whl (770 kB)
Using cached pyzmq-27.1.0-cp310-cp310-manylinux_2_26_x86_64.manylinux_2_28_x86_64.whl (854 kB)
Using cached referencing-0.37.0-py3-none-any.whl (26 kB)
Downloading requests-2.34.2-py3-none-any.whl (73 kB)
Downloading charset_normalizer-3.4.9-cp310-cp310-manylinux2014_x86_64.manylinux_2_17_x86_64.manylinux_2_28_x86_64.whl (223 kB)
Downloading urllib3-2.7.0-py3-none-any.whl (131 kB)
Downloading certifi-2026.7.22-py3-none-any.whl (136 kB)
Using cached rfc3986_validator-0.1.1-py2.py3-none-any.whl (4.2 kB)
Using cached rfc3987_syntax-1.1.0-py3-none-any.whl (8.0 kB)
Using cached lark-1.3.1-py3-none-any.whl (113 kB)
Using cached rpds_py-0.30.0-cp310-cp310-manylinux_2_17_x86_64.manylinux2014_x86_64.whl (390 kB)
Using cached send2trash-2.1.0-py3-none-any.whl (17 kB)
Using cached six-1.17.0-py2.py3-none-any.whl (11 kB)
Using cached terminado-0.18.1-py3-none-any.whl (14 kB)
Using cached tinycss2-1.5.1-py3-none-any.whl (28 kB)
Using cached tomli-2.4.1-py3-none-any.whl (14 kB)
Using cached tornado-6.5.8-cp39-abi3-manylinux1_x86_64.manylinux_2_28_x86_64.manylinux_2_5_x86_64.whl (450 kB)
Using cached traitlets-5.16.1-py3-none-any.whl (86 kB)
Using cached typing_extensions-4.16.0-py3-none-any.whl (45 kB)
Using cached tzdata-2026.3-py2.py3-none-any.whl (348 kB)
Using cached wcwidth-0.8.2-py3-none-any.whl (323 kB)
Using cached webcolors-25.10.0-py3-none-any.whl (14 kB)
Using cached webencodings-0.5.1-py2.py3-none-any.whl (11 kB)
Using cached websocket_client-1.9.0-py3-none-any.whl (82 kB)
Using cached xrootd-6.1.1-cp310-cp310-manylinux_2_28_x86_64.whl (8.7 MB)
Using cached zipp-4.1.0-py3-none-any.whl (10 kB)
Using cached argon2_cffi_bindings-25.1.0-cp39-abi3-manylinux_2_26_x86_64.manylinux_2_28_x86_64.whl (87 kB)
Using cached beautifulsoup4-4.15.0-py3-none-any.whl (109 kB)
Using cached soupsieve-2.9.2-py3-none-any.whl (37 kB)
Using cached decorator-5.3.1-py3-none-any.whl (10 kB)
Using cached defusedxml-0.7.1-py2.py3-none-any.whl (25 kB)
Using cached fqdn-1.5.1-py3-none-any.whl (9.1 kB)
Using cached isoduration-20.11.0-py3-none-any.whl (11 kB)
Using cached arrow-1.4.0-py3-none-any.whl (68 kB)
Using cached jupyterlab_pygments-0.3.0-py3-none-any.whl (15 kB)
Using cached msgpack-1.2.1-cp310-cp310-manylinux2014_x86_64.manylinux_2_17_x86_64.manylinux_2_28_x86_64.whl (407 kB)
Using cached ndindex-1.10.1-cp310-cp310-manylinux_2_24_x86_64.manylinux_2_28_x86_64.whl (495 kB)
Using cached py_cpuinfo-9.0.0-py3-none-any.whl (22 kB)
Using cached pycparser-3.0-py3-none-any.whl (48 kB)
Using cached pydantic-2.13.4-py3-none-any.whl (472 kB)
Using cached pydantic_core-2.46.4-cp310-cp310-manylinux_2_17_x86_64.manylinux2014_x86_64.whl (2.1 MB)
Using cached annotated_types-0.8.0-py3-none-any.whl (13 kB)
Using cached typing_inspection-0.4.3-py3-none-any.whl (14 kB)
Using cached rfc3339_validator-0.1.4-py2.py3-none-any.whl (3.5 kB)
Using cached stack_data-0.6.3-py3-none-any.whl (24 kB)
Using cached asttokens-3.0.2-py3-none-any.whl (28 kB)
Using cached executing-2.2.1-py2.py3-none-any.whl (28 kB)
Using cached pure_eval-0.2.3-py3-none-any.whl (11 kB)
Using cached threadpoolctl-3.6.0-py3-none-any.whl (18 kB)
Using cached uri_template-1.3.0-py3-none-any.whl (11 kB)
Installing collected packages: xrootd, webencodings, pytz, py-cpuinfo, pure-eval, ptyprocess, zipp, xxhash, widgetsnbextension, websocket-client, webcolors, wcwidth, urllib3, uri-template, tzdata, typing-extensions, traitlets, tqdm, tornado, tomli, tinycss2, threadpoolctl, soupsieve, six, send2trash, scipy, rpds-py, rfc3986-validator, pyzmq, pyyaml, python-json-logger, pyparsing, pygments, pycparser, psutil, prometheus-client, platformdirs, pillow, pexpect, parso, pandocfilters, overrides, numexpr, nest-asyncio2, ndindex, msgpack, MarkupSafe, lz4, lark, kiwisolver, jupyterlab_widgets, jupyterlab-pygments, jsonpointer, json5, idna, h5py, h11, fsspec, fqdn, fonttools, fastjsonschema, executing, emcee, dill, defusedxml, decorator, debugpy, cycler, cramjam, contourpy, comm, charset_normalizer, certifi, bleach, babel, awkward-cpp, attrs, asttokens, annotated-types, typing-inspection, terminado, stack_data, rfc3987-syntax, rfc3339-validator, requests, referencing, python-dateutil, pydantic-core, prompt_toolkit, mistune, matplotlib-inline, jupyter-core, jinja2, jedi, importlib-metadata, httpcore, fsspec-xrootd, exceptiongroup, cffi, beautifulsoup4, async-lru, pydantic, pandas, matplotlib, jupyter-server-terminals, jupyter-client, jsonschema-specifications, ipython, awkward, arrow, argon2-cffi-bindings, anyio, uproot, jsonschema, isoduration, ipywidgets, ipykernel, httpx, corner, blosc2, awkward-pandas, argon2-cffi, tables, nbformat, nbstripout, nbclient, jupyter-events, nbconvert, jupyter-server, notebook-shim, jupyterlab-server, jupyter-lsp, jupyterlab

Successfully installed MarkupSafe-3.0.3 annotated-types-0.8.0 anyio-4.14.2 argon2-cffi-25.1.0 argon2-cffi-bindings-25.1.0 arrow-1.4.0 asttokens-3.0.2 async-lru-2.3.0 attrs-26.1.0 awkward-2.12.0 awkward-cpp-55 awkward-pandas-2023.8.0 babel-2.18.0 beautifulsoup4-4.15.0 bleach-6.4.0 blosc2-4.3.3 certifi-2026.7.22 cffi-2.1.1 charset_normalizer-3.4.9 comm-0.2.3 contourpy-1.3.2 corner-2.3.0 cramjam-2.11.0 cycler-0.12.1 debugpy-1.8.21 decorator-5.3.1 defusedxml-0.7.1 dill-0.4.1 emcee-3.1.6 exceptiongroup-1.3.1 executing-2.2.1 fastjsonschema-2.22.1 fonttools-4.63.0 fqdn-1.5.1 fsspec-2026.7.0 fsspec-xrootd-0.5.5 h11-0.16.0 h5py-3.16.0 httpcore-1.0.9 httpx-0.28.1 idna-3.18 importlib-metadata-9.0.0 ipykernel-7.3.0 ipython-8.39.0 ipywidgets-8.1.8 isoduration-20.11.0 jedi-0.20.0 jinja2-3.1.6 json5-0.15.0 jsonpointer-3.1.1 jsonschema-4.26.0 jsonschema-specifications-2025.9.1 jupyter-client-8.9.1 jupyter-core-5.9.1 jupyter-events-0.12.1 jupyter-lsp-2.3.1 jupyter-server-2.20.0 jupyter-server-terminals-0.5.4 jupyterlab-4.3.5 jupyterlab-pygments-0.3.0 jupyterlab-server-2.28.0 jupyterlab_widgets-3.0.16 kiwisolver-1.5.0 lark-1.3.1 lz4-4.4.5 matplotlib-3.10.9 matplotlib-inline-0.2.2 mistune-3.3.4 msgpack-1.2.1 nbclient-0.11.0 nbconvert-7.17.1 nbformat-5.11.0 nbstripout-0.9.1 ndindex-1.10.1 nest-asyncio2-1.7.2 notebook-shim-0.2.4 numexpr-2.14.1 overrides-7.7.0 pandas-2.2.2 pandocfilters-1.5.1 parso-0.8.7 pexpect-4.9.0 pillow-12.3.0 platformdirs-4.11.2 prometheus-client-0.26.0 prompt_toolkit-3.0.53 psutil-7.2.2 ptyprocess-0.7.0 pure-eval-0.2.3 py-cpuinfo-9.0.0 pycparser-3.0 pydantic-2.13.4 pydantic-core-2.46.4 pygments-2.20.0 pyparsing-3.3.2 python-dateutil-2.9.0.post0 python-json-logger-4.1.0 pytz-2026.3.post1 pyyaml-6.0.3 pyzmq-27.1.0 referencing-0.37.0 requests-2.34.2 rfc3339-validator-0.1.4 rfc3986-validator-0.1.1 rfc3987-syntax-1.1.0 rpds-py-0.30.0 scipy-1.15.3 send2trash-2.1.0 six-1.17.0 soupsieve-2.9.2 stack_data-0.6.3 tables-3.10.1 terminado-0.18.1 threadpoolctl-3.6.0 tinycss2-1.5.1 tomli-2.4.1 tornado-6.5.8 tqdm-4.70.0 traitlets-5.16.1 typing-extensions-4.16.0 typing-inspection-0.4.3 tzdata-2026.3 uproot-5.5.1 uri-template-1.3.0 urllib3-2.7.0 wcwidth-0.8.2 webcolors-25.10.0 webencodings-0.5.1 websocket-client-1.9.0 widgetsnbextension-4.0.15 xrootd-6.1.1 xxhash-3.8.1 zipp-4.1.0
